kotlin version: 2.1.0
error message: org.jetbrains.kotlin.util.FileAnalysisException: Somewhere in file C:/Users/user/AndroidStudioProjects/ProjectNew/app/src/main/java/org/intelehealth/app/activities/notification/view/NotificationActivity.kt: java.lang.IllegalArgumentException: Failed requirement.
	at org.jetbrains.kotlin.util.AnalysisExceptionsKt.wrapIntoFileAnalysisExceptionIfNeeded(AnalysisExceptions.kt:62)
	at org.jetbrains.kotlin.fir.FirCliExceptionHandler.handleExceptionOnFileAnalysis(Utils.kt:249)
	at org.jetbrains.kotlin.fir.resolve.transformers.FirSupertypeResolverTransformer.transformFile(FirSupertypesResolution.kt:888)
	at org.jetbrains.kotlin.fir.declarations.FirFile.transform(FirFile.kt:46)
	at org.jetbrains.kotlin.fir.resolve.transformers.FirTransformerBasedResolveProcessor.processFile(FirResolveProcessor.kt:48)
	at org.jetbrains.kotlin.fir.resolve.transformers.FirTotalResolveProcessor.process(FirTotalResolveProcessor.kt:36)
	at org.jetbrains.kotlin.fir.pipeline.AnalyseKt.runResolution(analyse.kt:24)
	at org.jetbrains.kotlin.fir.pipeline.FirUtilsKt.resolveAndCheckFir(firUtils.kt:76)
	at org.jetbrains.kotlin.fir.pipeline.FirUtilsKt.buildResolveAndCheckFirViaLightTree(firUtils.kt:88)
	at org.jetbrains.kotlin.cli.jvm.compiler.pipeline.JvmCompilerPipelineLightTreeKt.compileModuleToAnalyzedFirViaLightTreeIncrementally(jvmCompilerPipelineLightTree.kt:347)
	at org.jetbrains.kotlin.cli.jvm.compiler.pipeline.JvmCompilerPipelineLightTreeKt.compileModuleToAnalyzedFirViaLightTree(jvmCompilerPipelineLightTree.kt:272)
	at org.jetbrains.kotlin.cli.jvm.compiler.pipeline.JvmCompilerPipelineLightTreeKt.compileModule(jvmCompilerPipelineLightTree.kt:250)
	at org.jetbrains.kotlin.cli.jvm.compiler.pipeline.JvmCompilerPipelineLightTreeKt.compileSingleModuleUsingFrontendIrAndLightTree(jvmCompilerPipelineLightTree.kt:231)
	at org.jetbrains.kotlin.cli.jvm.compiler.pipeline.JvmCompilerPipelineLightTreeKt.compileModulesUsingFrontendIrAndLightTree(jvmCompilerPipelineLightTree.kt:86)
	at org.jetbrains.kotlin.cli.jvm.K2JVMCompiler.doExecute(K2JVMCompiler.kt:146)
	at org.jetbrains.kotlin.cli.jvm.K2JVMCompiler.doExecute(K2JVMCompiler.kt:43)
	at org.jetbrains.kotlin.cli.common.CLICompiler.execImpl(CLICompiler.kt:102)
	at org.jetbrains.kotlin.cli.common.CLICompiler.exec(CLICompiler.kt:316)
	at org.jetbrains.kotlin.incremental.IncrementalJvmCompilerRunner.runCompiler(IncrementalJvmCompilerRunner.kt:464)
	at org.jetbrains.kotlin.incremental.IncrementalJvmCompilerRunner.runCompiler(IncrementalJvmCompilerRunner.kt:73)
	at org.jetbrains.kotlin.incremental.IncrementalCompilerRunner.doCompile(IncrementalCompilerRunner.kt:506)
	at org.jetbrains.kotlin.incremental.IncrementalCompilerRunner.compileImpl(IncrementalCompilerRunner.kt:423)
	at org.jetbrains.kotlin.incremental.IncrementalCompilerRunner.compileNonIncrementally(IncrementalCompilerRunner.kt:301)
	at org.jetbrains.kotlin.incremental.IncrementalCompilerRunner.compile(IncrementalCompilerRunner.kt:129)
	at org.jetbrains.kotlin.daemon.CompileServiceImplBase.execIncrementalCompiler(CompileServiceImpl.kt:674)
	at org.jetbrains.kotlin.daemon.CompileServiceImplBase.access$execIncrementalCompiler(CompileServiceImpl.kt:91)
	at org.jetbrains.kotlin.daemon.CompileServiceImpl.compile(CompileServiceImpl.kt:1659)
	at java.base/jdk.internal.reflect.DirectMethodHandleAccessor.invoke(Unknown Source)
	at java.base/java.lang.reflect.Method.invoke(Unknown Source)
	at java.rmi/sun.rmi.server.UnicastServerRef.dispatch(Unknown Source)
	at java.rmi/sun.rmi.transport.Transport$1.run(Unknown Source)
	at java.rmi/sun.rmi.transport.Transport$1.run(Unknown Source)
	at java.base/java.security.AccessController.doPrivileged(Unknown Source)
	at java.rmi/sun.rmi.transport.Transport.serviceCall(Unknown Source)
	at java.rmi/sun.rmi.transport.tcp.TCPTransport.handleMessages(Unknown Source)
	at java.rmi/sun.rmi.transport.tcp.TCPTransport$ConnectionHandler.run0(Unknown Source)
	at java.rmi/sun.rmi.transport.tcp.TCPTransport$ConnectionHandler.lambda$run$0(Unknown Source)
	at java.base/java.security.AccessController.doPrivileged(Unknown Source)
	at java.rmi/sun.rmi.transport.tcp.TCPTransport$ConnectionHandler.run(Unknown Source)
	at java.base/java.util.concurrent.ThreadPoolExecutor.runWorker(Unknown Source)
	at java.base/java.util.concurrent.ThreadPoolExecutor$Worker.run(Unknown Source)
	at java.base/java.lang.Thread.run(Unknown Source)
Caused by: java.lang.IllegalArgumentException: Failed requirement.
	at org.jetbrains.kotlin.cli.jvm.compiler.jarfs.LargeDynamicMappedBuffer.withMappedRangeFrom(LargeDynamicMappedBuffer.kt:64)
	at org.jetbrains.kotlin.cli.jvm.compiler.jarfs.ZipImplementationKt.contentsToByteArray(ZipImplementation.kt:35)
	at org.jetbrains.kotlin.cli.jvm.compiler.jarfs.FastJarHandler.contentsToByteArray(FastJarHandler.kt:114)
	at org.jetbrains.kotlin.cli.jvm.compiler.jarfs.FastJarVirtualFile.contentsToByteArray(FastJarVirtualFile.kt:89)
	at org.jetbrains.kotlin.com.intellij.openapi.vfs.VirtualFile.contentsToByteArray(VirtualFile.java:627)
	at org.jetbrains.kotlin.com.intellij.util.indexing.FileContentImpl.createByFile(FileContentImpl.java:123)
	at org.jetbrains.kotlin.com.intellij.psi.stubs.CoreStubTreeLoader.build(CoreStubTreeLoader.java:37)
	at org.jetbrains.kotlin.com.intellij.psi.stubs.CoreStubTreeLoader.readOrBuild(CoreStubTreeLoader.java:29)
	at org.jetbrains.kotlin.com.intellij.psi.impl.compiled.ClsFileImpl.getStubTree(ClsFileImpl.java:484)
	at org.jetbrains.kotlin.com.intellij.psi.impl.compiled.ClsFileImpl.getStub(ClsFileImpl.java:453)
	at org.jetbrains.kotlin.com.intellij.psi.impl.compiled.ClsFileImpl.getClasses(ClsFileImpl.java:136)
	at org.jetbrains.kotlin.cli.jvm.compiler.KotlinCliJavaFileManagerImpl$Companion.findClassInPsiFile(KotlinCliJavaFileManagerImpl.kt:310)
	at org.jetbrains.kotlin.cli.jvm.compiler.KotlinCliJavaFileManagerImpl$Companion.access$findClassInPsiFile(KotlinCliJavaFileManagerImpl.kt:306)
	at org.jetbrains.kotlin.cli.jvm.compiler.KotlinCliJavaFileManagerImpl.findPsiClassInVirtualFile(KotlinCliJavaFileManagerImpl.kt:276)
	at org.jetbrains.kotlin.cli.jvm.compiler.KotlinCliJavaFileManagerImpl.findPsiClass$lambda$0(KotlinCliJavaFileManagerImpl.kt:83)
	at org.jetbrains.kotlin.util.PerformanceCounter.time(PerformanceCounter.kt:90)
	at org.jetbrains.kotlin.cli.jvm.compiler.KotlinCliJavaFileManagerImpl.findPsiClass(KotlinCliJavaFileManagerImpl.kt:82)
	at org.jetbrains.kotlin.cli.jvm.compiler.KotlinCliJavaFileManagerImpl.findClass(KotlinCliJavaFileManagerImpl.kt:173)
	at org.jetbrains.kotlin.com.intellij.psi.impl.PsiElementFinderImpl.findClass(PsiElementFinderImpl.java:40)
	at org.jetbrains.kotlin.com.intellij.psi.impl.JavaPsiFacadeImpl.doFindClass(JavaPsiFacadeImpl.java:95)
	at org.jetbrains.kotlin.com.intellij.psi.impl.JavaPsiFacadeImpl.findClass(JavaPsiFacadeImpl.java:73)
	at org.jetbrains.kotlin.com.intellij.psi.impl.source.PsiJavaCodeReferenceElementImpl.resolve(PsiJavaCodeReferenceElementImpl.java:443)
	at org.jetbrains.kotlin.com.intellij.psi.impl.source.PsiJavaCodeReferenceElementImpl.access$100(PsiJavaCodeReferenceElementImpl.java:44)
	at org.jetbrains.kotlin.com.intellij.psi.impl.source.PsiJavaCodeReferenceElementImpl$OurGenericsResolver.resolve(PsiJavaCodeReferenceElementImpl.java:378)
	at org.jetbrains.kotlin.com.intellij.psi.impl.source.PsiJavaCodeReferenceElementImpl$OurGenericsResolver.resolve(PsiJavaCodeReferenceElementImpl.java:371)
	at org.jetbrains.kotlin.com.intellij.psi.impl.source.resolve.ResolveCache.lambda$resolveWithCaching$2(ResolveCache.java:174)
	at org.jetbrains.kotlin.com.intellij.openapi.util.Computable.get(Computable.java:16)
	at org.jetbrains.kotlin.com.intellij.psi.impl.source.resolve.ResolveCache.lambda$loggingResolver$4(ResolveCache.java:234)
	at org.jetbrains.kotlin.com.intellij.openapi.util.RecursionManager$1.computePreventingRecursion(RecursionManager.java:111)
	at org.jetbrains.kotlin.com.intellij.openapi.util.RecursionGuard.doPreventingRecursion(RecursionGuard.java:27)
	at org.jetbrains.kotlin.com.intellij.openapi.util.RecursionManager.doPreventingRecursion(RecursionManager.java:66)
	at org.jetbrains.kotlin.com.intellij.psi.impl.source.resolve.ResolveCache.resolve(ResolveCache.java:212)
	at org.jetbrains.kotlin.com.intellij.psi.impl.source.resolve.ResolveCache.resolveWithCaching(ResolveCache.java:174)
	at org.jetbrains.kotlin.com.intellij.psi.impl.PsiImplUtil.multiResolveImpl(PsiImplUtil.java:855)
	at org.jetbrains.kotlin.com.intellij.psi.impl.PsiImplUtil.multiResolveImpl(PsiImplUtil.java:847)
	at org.jetbrains.kotlin.com.intellij.psi.impl.PsiImplUtil.multiResolveImpl(PsiImplUtil.java:823)
	at org.jetbrains.kotlin.com.intellij.psi.impl.source.PsiJavaCodeReferenceElementImpl.multiResolve(PsiJavaCodeReferenceElementImpl.java:426)
	at org.jetbrains.kotlin.com.intellij.psi.impl.source.PsiJavaCodeReferenceElementImpl.advancedResolve(PsiJavaCodeReferenceElementImpl.java:420)
	at org.jetbrains.kotlin.com.intellij.psi.impl.source.PsiJavaCodeReferenceElementImpl.resolve(PsiJavaCodeReferenceElementImpl.java:355)
	at org.jetbrains.kotlin.com.intellij.psi.impl.source.PsiImportStatementBaseImpl.resolve(PsiImportStatementBaseImpl.java:61)
	at org.jetbrains.kotlin.com.intellij.psi.impl.source.PsiJavaFileBaseImpl.findExplicitDeclarations(PsiJavaFileBaseImpl.java:356)
	at org.jetbrains.kotlin.com.intellij.psi.impl.source.PsiJavaFileBaseImpl.lambda$getEnumeratedDeclarations$0(PsiJavaFileBaseImpl.java:340)
	at org.jetbrains.kotlin.com.intellij.openapi.util.NotNullLazyValue$4.compute(NotNullLazyValue.java:119)
	at org.jetbrains.kotlin.com.intellij.openapi.util.NotNullLazyValue$4.getValue(NotNullLazyValue.java:104)
	at org.jetbrains.kotlin.com.intellij.psi.impl.source.PsiJavaFileBaseImpl.lambda$getEnumeratedDeclarations$1(PsiJavaFileBaseImpl.java:341)
	at org.jetbrains.kotlin.com.intellij.util.containers.ContainerUtil.process(ContainerUtil.java:812)
	at org.jetbrains.kotlin.com.intellij.psi.impl.source.PsiJavaFileBaseImpl.processDeclarations(PsiJavaFileBaseImpl.java:289)
	at org.jetbrains.kotlin.com.intellij.psi.scope.util.PsiScopesUtil.treeWalkUp(PsiScopesUtil.java:61)
	at org.jetbrains.kotlin.com.intellij.psi.scope.util.PsiScopesUtil.treeWalkUp(PsiScopesUtil.java:40)
	at org.jetbrains.kotlin.com.intellij.psi.scope.util.PsiScopesUtil.resolveAndWalk(PsiScopesUtil.java:207)
	at org.jetbrains.kotlin.com.intellij.psi.scope.util.PsiScopesUtil.resolveAndWalk(PsiScopesUtil.java:136)
	at org.jetbrains.kotlin.com.intellij.psi.impl.source.PsiJavaCodeReferenceElementImpl.resolve(PsiJavaCodeReferenceElementImpl.java:492)
	at org.jetbrains.kotlin.com.intellij.psi.impl.source.PsiJavaCodeReferenceElementImpl.resolve(PsiJavaCodeReferenceElementImpl.java:525)
	at org.jetbrains.kotlin.com.intellij.psi.impl.source.PsiJavaCodeReferenceElementImpl.access$100(PsiJavaCodeReferenceElementImpl.java:44)
	at org.jetbrains.kotlin.com.intellij.psi.impl.source.PsiJavaCodeReferenceElementImpl$OurGenericsResolver.resolve(PsiJavaCodeReferenceElementImpl.java:378)
	at org.jetbrains.kotlin.com.intellij.psi.impl.source.PsiJavaCodeReferenceElementImpl$OurGenericsResolver.resolve(PsiJavaCodeReferenceElementImpl.java:371)
	at org.jetbrains.kotlin.com.intellij.psi.impl.source.resolve.ResolveCache.lambda$resolveWithCaching$2(ResolveCache.java:174)
	at org.jetbrains.kotlin.com.intellij.openapi.util.Computable.get(Computable.java:16)
	at org.jetbrains.kotlin.com.intellij.psi.impl.source.resolve.ResolveCache.lambda$loggingResolver$4(ResolveCache.java:234)
	at org.jetbrains.kotlin.com.intellij.openapi.util.RecursionManager$1.computePreventingRecursion(RecursionManager.java:111)
	at org.jetbrains.kotlin.com.intellij.openapi.util.RecursionGuard.doPreventingRecursion(RecursionGuard.java:27)
	at org.jetbrains.kotlin.com.intellij.openapi.util.RecursionManager.doPreventingRecursion(RecursionManager.java:66)
	at org.jetbrains.kotlin.com.intellij.psi.impl.source.resolve.ResolveCache.resolve(ResolveCache.java:212)
	at org.jetbrains.kotlin.com.intellij.psi.impl.source.resolve.ResolveCache.resolveWithCaching(ResolveCache.java:174)
	at org.jetbrains.kotlin.com.intellij.psi.impl.PsiImplUtil.multiResolveImpl(PsiImplUtil.java:855)
	at org.jetbrains.kotlin.com.intellij.psi.impl.PsiImplUtil.multiResolveImpl(PsiImplUtil.java:847)
	at org.jetbrains.kotlin.com.intellij.psi.impl.PsiImplUtil.multiResolveImpl(PsiImplUtil.java:823)
	at org.jetbrains.kotlin.com.intellij.psi.impl.source.PsiJavaCodeReferenceElementImpl.multiResolve(PsiJavaCodeReferenceElementImpl.java:426)
	at org.jetbrains.kotlin.com.intellij.psi.impl.source.PsiJavaCodeReferenceElementImpl.advancedResolve(PsiJavaCodeReferenceElementImpl.java:420)
	at org.jetbrains.kotlin.com.intellij.psi.impl.source.PsiJavaCodeReferenceElementImpl.resolve(PsiJavaCodeReferenceElementImpl.java:355)
	at org.jetbrains.kotlin.com.intellij.psi.impl.source.resolve.ClassResolverProcessor.<init>(ClassResolverProcessor.java:56)
	at org.jetbrains.kotlin.com.intellij.psi.impl.source.PsiJavaCodeReferenceElementImpl.resolve(PsiJavaCodeReferenceElementImpl.java:491)
	at org.jetbrains.kotlin.com.intellij.psi.impl.source.PsiJavaCodeReferenceElementImpl.resolve(PsiJavaCodeReferenceElementImpl.java:525)
	at org.jetbrains.kotlin.com.intellij.psi.impl.source.PsiJavaCodeReferenceElementImpl.access$100(PsiJavaCodeReferenceElementImpl.java:44)
	at org.jetbrains.kotlin.com.intellij.psi.impl.source.PsiJavaCodeReferenceElementImpl$OurGenericsResolver.resolve(PsiJavaCodeReferenceElementImpl.java:378)
	at org.jetbrains.kotlin.com.intellij.psi.impl.source.PsiJavaCodeReferenceElementImpl$OurGenericsResolver.resolve(PsiJavaCodeReferenceElementImpl.java:371)
	at org.jetbrains.kotlin.com.intellij.psi.impl.source.resolve.ResolveCache.lambda$resolveWithCaching$2(ResolveCache.java:174)
	at org.jetbrains.kotlin.com.intellij.openapi.util.Computable.get(Computable.java:16)
	at org.jetbrains.kotlin.com.intellij.psi.impl.source.resolve.ResolveCache.lambda$loggingResolver$4(ResolveCache.java:234)
	at org.jetbrains.kotlin.com.intellij.openapi.util.RecursionManager$1.computePreventingRecursion(RecursionManager.java:111)
	at org.jetbrains.kotlin.com.intellij.openapi.util.RecursionGuard.doPreventingRecursion(RecursionGuard.java:27)
	at org.jetbrains.kotlin.com.intellij.openapi.util.RecursionManager.doPreventingRecursion(RecursionManager.java:66)
	at org.jetbrains.kotlin.com.intellij.psi.impl.source.resolve.ResolveCache.resolve(ResolveCache.java:212)
	at org.jetbrains.kotlin.com.intellij.psi.impl.source.resolve.ResolveCache.resolveWithCaching(ResolveCache.java:174)
	at org.jetbrains.kotlin.com.intellij.psi.impl.PsiImplUtil.multiResolveImpl(PsiImplUtil.java:855)
	at org.jetbrains.kotlin.com.intellij.psi.impl.PsiImplUtil.multiResolveImpl(PsiImplUtil.java:847)
	at org.jetbrains.kotlin.com.intellij.psi.impl.PsiImplUtil.multiResolveImpl(PsiImplUtil.java:823)
	at org.jetbrains.kotlin.com.intellij.psi.impl.source.PsiJavaCodeReferenceElementImpl.multiResolve(PsiJavaCodeReferenceElementImpl.java:426)
	at org.jetbrains.kotlin.com.intellij.psi.impl.source.PsiJavaCodeReferenceElementImpl.advancedResolve(PsiJavaCodeReferenceElementImpl.java:420)
	at org.jetbrains.kotlin.com.intellij.psi.impl.source.PsiClassReferenceType.resolveGenerics(PsiClassReferenceType.java:183)
	at org.jetbrains.kotlin.load.java.structure.impl.JavaClassifierTypeImpl.computeResolveResult(JavaClassifierTypeImpl.kt:114)
	at org.jetbrains.kotlin.load.java.structure.impl.JavaClassifierTypeImpl.resolve(JavaClassifierTypeImpl.kt:101)
	at org.jetbrains.kotlin.load.java.structure.impl.JavaClassifierTypeImpl.getClassifier(JavaClassifierTypeImpl.kt:33)
	at org.jetbrains.kotlin.load.java.structure.impl.JavaClassifierTypeImpl.getClassifier(JavaClassifierTypeImpl.kt:25)
	at org.jetbrains.kotlin.fir.java.JavaTypeConversionKt.toConeKotlinTypeForFlexibleBound(JavaTypeConversion.kt:192)
	at org.jetbrains.kotlin.fir.java.JavaTypeConversionKt.toConeKotlinTypeForFlexibleBound$default(JavaTypeConversion.kt:184)
	at org.jetbrains.kotlin.fir.java.JavaTypeConversionKt.toConeTypeProjection(JavaTypeConversion.kt:117)
	at org.jetbrains.kotlin.fir.java.JavaTypeConversionKt.toConeKotlinType(JavaTypeConversion.kt:90)
	at org.jetbrains.kotlin.fir.java.JavaTypeConversionKt.toConeKotlinType$default(JavaTypeConversion.kt:85)
	at org.jetbrains.kotlin.fir.java.JavaTypeConversionKt.toFirResolvedTypeRef(JavaTypeConversion.kt:78)
	at org.jetbrains.kotlin.fir.java.JavaTypeConversionKt.resolveIfJavaType(JavaTypeConversion.kt:54)
	at org.jetbrains.kotlin.fir.java.JavaTypeConversionKt.toConeKotlinTypeProbablyFlexible(JavaTypeConversion.kt:63)
	at org.jetbrains.kotlin.fir.java.enhancement.FirSignatureEnhancement.toConeKotlinType(SignatureEnhancement.kt:974)
	at org.jetbrains.kotlin.fir.java.enhancement.FirSignatureEnhancement.enhance(SignatureEnhancement.kt:963)
	at org.jetbrains.kotlin.fir.java.enhancement.FirSignatureEnhancement.enhance$default(SignatureEnhancement.kt:959)
	at org.jetbrains.kotlin.fir.java.enhancement.FirSignatureEnhancement.enhanceSuperType(SignatureEnhancement.kt:767)
	at org.jetbrains.kotlin.fir.java.enhancement.FirSignatureEnhancement.enhanceSuperTypes(SignatureEnhancement.kt:721)
	at org.jetbrains.kotlin.fir.java.declarations.FirJavaClass.superTypeRefs_delegate$lambda$2(FirJavaClass.kt:105)
	at kotlin.SynchronizedLazyImpl.getValue(LazyJVM.kt:83)
	at org.jetbrains.kotlin.fir.java.declarations.FirJavaClass.getSuperTypeRefs(FirJavaClass.kt:97)
	at org.jetbrains.kotlin.fir.resolve.transformers.SupertypeComputationSession.getResolvedSuperTypeRefsForOutOfSessionDeclaration(FirSupertypesResolution.kt:672)
	at org.jetbrains.kotlin.fir.resolve.transformers.SupertypeComputationSession.breakLoopFor$checkIsInLoop(FirSupertypesResolution.kt:716)
	at org.jetbrains.kotlin.fir.resolve.transformers.SupertypeComputationSession.breakLoopFor$checkIsInLoop(FirSupertypesResolution.kt:765)
	at org.jetbrains.kotlin.fir.resolve.transformers.SupertypeComputationSession.breakLoopFor(FirSupertypesResolution.kt:810)
	at org.jetbrains.kotlin.fir.resolve.transformers.SupertypeComputationSession.breakLoops(FirSupertypesResolution.kt:821)
	at org.jetbrains.kotlin.fir.resolve.transformers.FirSupertypeResolverTransformer.transformFile(FirSupertypesResolution.kt:74)
	... 39 more


